// Jest Snapshot v1, https://goo.gl/fbAQLP

exports[`Create an empty List 1`] = `
List {
  "_cmp": [Function],
  "_events": Object {},
  "_eventsCount": 0,
  "_first": null,
  "_last": null,
  "_length": 0,
  "_maxListeners": undefined,
  "_nil": Node {
    "_color": 1,
    "_data": null,
    "_left": null,
    "_parent": null,
    "_right": null,
  },
  "_root": null,
}
`;
