// Jest Snapshot v1, https://goo.gl/fbAQLP

exports[`Create a simple BinaryTree 1`] = `
BinaryTree {
  "_cmp": [Function],
  "_events": Object {},
  "_eventsCount": 0,
  "_first": Node {
    "_options": Object {
      "color": 1,
      "data": "a",
      "id": null,
      "left": Node {
        "_options": Object {
          "color": 1,
          "data": null,
          "id": null,
          "left": null,
          "parent": null,
          "parentId": null,
          "right": null,
        },
      },
      "parent": Node {
        "_options": Object {
          "color": 1,
          "data": "b",
          "id": null,
          "left": [Circular],
          "parent": Node {
            "_options": Object {
              "color": 1,
              "data": null,
              "id": null,
              "left": null,
              "parent": null,
              "parentId": null,
              "right": null,
            },
          },
          "parentId": null,
          "right": Node {
            "_options": Object {
              "color": 1,
              "data": "d",
              "id": null,
              "left": Node {
                "_options": Object {
                  "color": 0,
                  "data": "c",
                  "id": null,
                  "left": Node {
                    "_options": Object {
                      "color": 1,
                      "data": null,
                      "id": null,
                      "left": null,
                      "parent": null,
                      "parentId": null,
                      "right": null,
                    },
                  },
                  "parent": [Circular],
                  "parentId": null,
                  "right": Node {
                    "_options": Object {
                      "color": 1,
                      "data": null,
                      "id": null,
                      "left": null,
                      "parent": null,
                      "parentId": null,
                      "right": null,
                    },
                  },
                },
              },
              "parent": [Circular],
              "parentId": null,
              "right": Node {
                "_options": Object {
                  "color": 0,
                  "data": "e",
                  "id": null,
                  "left": Node {
                    "_options": Object {
                      "color": 1,
                      "data": null,
                      "id": null,
                      "left": null,
                      "parent": null,
                      "parentId": null,
                      "right": null,
                    },
                  },
                  "parent": [Circular],
                  "parentId": null,
                  "right": Node {
                    "_options": Object {
                      "color": 1,
                      "data": null,
                      "id": null,
                      "left": null,
                      "parent": null,
                      "parentId": null,
                      "right": null,
                    },
                  },
                },
              },
            },
          },
        },
      },
      "parentId": null,
      "right": Node {
        "_options": Object {
          "color": 1,
          "data": null,
          "id": null,
          "left": null,
          "parent": null,
          "parentId": null,
          "right": null,
        },
      },
    },
  },
  "_last": Node {
    "_options": Object {
      "color": 0,
      "data": "e",
      "id": null,
      "left": Node {
        "_options": Object {
          "color": 1,
          "data": null,
          "id": null,
          "left": null,
          "parent": null,
          "parentId": null,
          "right": null,
        },
      },
      "parent": Node {
        "_options": Object {
          "color": 1,
          "data": "d",
          "id": null,
          "left": Node {
            "_options": Object {
              "color": 0,
              "data": "c",
              "id": null,
              "left": Node {
                "_options": Object {
                  "color": 1,
                  "data": null,
                  "id": null,
                  "left": null,
                  "parent": null,
                  "parentId": null,
                  "right": null,
                },
              },
              "parent": [Circular],
              "parentId": null,
              "right": Node {
                "_options": Object {
                  "color": 1,
                  "data": null,
                  "id": null,
                  "left": null,
                  "parent": null,
                  "parentId": null,
                  "right": null,
                },
              },
            },
          },
          "parent": Node {
            "_options": Object {
              "color": 1,
              "data": "b",
              "id": null,
              "left": Node {
                "_options": Object {
                  "color": 1,
                  "data": "a",
                  "id": null,
                  "left": Node {
                    "_options": Object {
                      "color": 1,
                      "data": null,
                      "id": null,
                      "left": null,
                      "parent": null,
                      "parentId": null,
                      "right": null,
                    },
                  },
                  "parent": [Circular],
                  "parentId": null,
                  "right": Node {
                    "_options": Object {
                      "color": 1,
                      "data": null,
                      "id": null,
                      "left": null,
                      "parent": null,
                      "parentId": null,
                      "right": null,
                    },
                  },
                },
              },
              "parent": Node {
                "_options": Object {
                  "color": 1,
                  "data": null,
                  "id": null,
                  "left": null,
                  "parent": null,
                  "parentId": null,
                  "right": null,
                },
              },
              "parentId": null,
              "right": [Circular],
            },
          },
          "parentId": null,
          "right": [Circular],
        },
      },
      "parentId": null,
      "right": Node {
        "_options": Object {
          "color": 1,
          "data": null,
          "id": null,
          "left": null,
          "parent": null,
          "parentId": null,
          "right": null,
        },
      },
    },
  },
  "_length": 5,
  "_maxListeners": undefined,
  "_nil": Node {
    "_options": Object {
      "color": 1,
      "data": null,
      "id": null,
      "left": null,
      "parent": null,
      "parentId": null,
      "right": null,
    },
  },
  "_root": Node {
    "_options": Object {
      "color": 1,
      "data": "b",
      "id": null,
      "left": Node {
        "_options": Object {
          "color": 1,
          "data": "a",
          "id": null,
          "left": Node {
            "_options": Object {
              "color": 1,
              "data": null,
              "id": null,
              "left": null,
              "parent": null,
              "parentId": null,
              "right": null,
            },
          },
          "parent": [Circular],
          "parentId": null,
          "right": Node {
            "_options": Object {
              "color": 1,
              "data": null,
              "id": null,
              "left": null,
              "parent": null,
              "parentId": null,
              "right": null,
            },
          },
        },
      },
      "parent": Node {
        "_options": Object {
          "color": 1,
          "data": null,
          "id": null,
          "left": null,
          "parent": null,
          "parentId": null,
          "right": null,
        },
      },
      "parentId": null,
      "right": Node {
        "_options": Object {
          "color": 1,
          "data": "d",
          "id": null,
          "left": Node {
            "_options": Object {
              "color": 0,
              "data": "c",
              "id": null,
              "left": Node {
                "_options": Object {
                  "color": 1,
                  "data": null,
                  "id": null,
                  "left": null,
                  "parent": null,
                  "parentId": null,
                  "right": null,
                },
              },
              "parent": [Circular],
              "parentId": null,
              "right": Node {
                "_options": Object {
                  "color": 1,
                  "data": null,
                  "id": null,
                  "left": null,
                  "parent": null,
                  "parentId": null,
                  "right": null,
                },
              },
            },
          },
          "parent": [Circular],
          "parentId": null,
          "right": Node {
            "_options": Object {
              "color": 0,
              "data": "e",
              "id": null,
              "left": Node {
                "_options": Object {
                  "color": 1,
                  "data": null,
                  "id": null,
                  "left": null,
                  "parent": null,
                  "parentId": null,
                  "right": null,
                },
              },
              "parent": [Circular],
              "parentId": null,
              "right": Node {
                "_options": Object {
                  "color": 1,
                  "data": null,
                  "id": null,
                  "left": null,
                  "parent": null,
                  "parentId": null,
                  "right": null,
                },
              },
            },
          },
        },
      },
    },
  },
  "_x": Node {
    "_options": Object {
      "color": 0,
      "data": "e",
      "id": null,
      "left": Node {
        "_options": Object {
          "color": 1,
          "data": null,
          "id": null,
          "left": null,
          "parent": null,
          "parentId": null,
          "right": null,
        },
      },
      "parent": Node {
        "_options": Object {
          "color": 1,
          "data": "d",
          "id": null,
          "left": Node {
            "_options": Object {
              "color": 0,
              "data": "c",
              "id": null,
              "left": Node {
                "_options": Object {
                  "color": 1,
                  "data": null,
                  "id": null,
                  "left": null,
                  "parent": null,
                  "parentId": null,
                  "right": null,
                },
              },
              "parent": [Circular],
              "parentId": null,
              "right": Node {
                "_options": Object {
                  "color": 1,
                  "data": null,
                  "id": null,
                  "left": null,
                  "parent": null,
                  "parentId": null,
                  "right": null,
                },
              },
            },
          },
          "parent": Node {
            "_options": Object {
              "color": 1,
              "data": "b",
              "id": null,
              "left": Node {
                "_options": Object {
                  "color": 1,
                  "data": "a",
                  "id": null,
                  "left": Node {
                    "_options": Object {
                      "color": 1,
                      "data": null,
                      "id": null,
                      "left": null,
                      "parent": null,
                      "parentId": null,
                      "right": null,
                    },
                  },
                  "parent": [Circular],
                  "parentId": null,
                  "right": Node {
                    "_options": Object {
                      "color": 1,
                      "data": null,
                      "id": null,
                      "left": null,
                      "parent": null,
                      "parentId": null,
                      "right": null,
                    },
                  },
                },
              },
              "parent": Node {
                "_options": Object {
                  "color": 1,
                  "data": null,
                  "id": null,
                  "left": null,
                  "parent": null,
                  "parentId": null,
                  "right": null,
                },
              },
              "parentId": null,
              "right": [Circular],
            },
          },
          "parentId": null,
          "right": [Circular],
        },
      },
      "parentId": null,
      "right": Node {
        "_options": Object {
          "color": 1,
          "data": null,
          "id": null,
          "left": null,
          "parent": null,
          "parentId": null,
          "right": null,
        },
      },
    },
  },
}
`;
